// Vitest Snapshot v1, https://vitest.dev/guide/snapshot.html

exports[`App > should match snapshot 1`] = `
"<main>
  <p>Hello</p>
  <p>10</p>
</main>"
`;
